// Jest Snapshot v1, https://goo.gl/fbAQLP

exports[`home page matches the default snapshot 1`] = `
<div class="container container--fluid">
  <div class="row ml-6">
    <div class="col-md-2 col">
      <div class="v-input theme--light v-text-field v-select v-autocomplete">
        <div class="v-input__control">
          <div role="combobox" aria-haspopup="listbox" aria-expanded="false" aria-owns="list-275" class="v-input__slot">
            <div class="v-select__slot"><label for="input-275" class="v-label theme--light" style="left: 0px; position: absolute;">Choose source currency</label><input id="input-275" type="text" autocomplete="off">
              <div class="v-input__append-inner">
                <div class="v-input__icon v-input__icon--append"><i aria-hidden="true" class="v-icon notranslate mdi mdi-menu-down theme--light"></i></div>
              </div><input type="hidden">
            </div>
            <div class="v-menu">
              <!---->
            </div>
          </div>
          <div class="v-text-field__details">
            <div class="v-messages theme--light">
              <transition-group-stub tag="div" name="message-transition" class="v-messages__wrapper"></transition-group-stub>
            </div>
          </div>
        </div>
      </div>
    </div>
    <div class="offset-md-1 col-md-2 col">
      <div class="v-input theme--light v-text-field v-select v-select--is-multi v-autocomplete">
        <div class="v-input__control">
          <div role="combobox" aria-haspopup="listbox" aria-expanded="false" aria-owns="list-280" class="v-input__slot">
            <div class="v-select__slot"><label for="input-280" class="v-label theme--light" style="left: 0px; position: absolute;">Choose target currencies</label>
              <div class="v-select__selections"><input id="input-280" type="text" autocomplete="off"></div>
              <div class="v-input__append-inner">
                <div class="v-input__icon v-input__icon--append"><i aria-hidden="true" class="v-icon notranslate mdi mdi-menu-down theme--light"></i></div>
              </div><input type="hidden">
            </div>
            <div class="v-menu">
              <!---->
            </div>
          </div>
          <div class="v-text-field__details">
            <div class="v-messages theme--light">
              <transition-group-stub tag="div" name="message-transition" class="v-messages__wrapper"></transition-group-stub>
            </div>
          </div>
        </div>
      </div>
    </div>
    <div class="offset-md-1 col-md-2 col">
      <div class="v-input v-input--is-label-active v-input--is-dirty v-input--is-readonly theme--light v-text-field">
        <div class="v-input__prepend-outer">
          <div class="v-input__icon v-input__icon--prepend"><i aria-hidden="true" class="v-icon notranslate mdi mdi-calendar theme--light"></i></div>
        </div>
        <div class="v-input__control">
          <div class="v-input__slot">
            <div class="v-text-field__slot"><label for="input-286" class="v-label v-label--active theme--light" style="left: 0px; position: absolute;">Choose date</label><input id="input-286" readonly="readonly" type="text"></div>
          </div>
          <div class="v-text-field__details">
            <div class="v-messages theme--light">
              <transition-group-stub tag="div" name="message-transition" class="v-messages__wrapper"></transition-group-stub>
            </div>
          </div>
        </div>
      </div>
      <div class="v-menu">
        <!---->
      </div>
    </div>
    <div class="offset-md-1 col-md-2 col">
      <div class="v-input v-input--is-label-active v-input--is-dirty theme--light v-text-field">
        <div class="v-input__control">
          <div class="v-input__slot">
            <div class="v-text-field__slot"><label for="input-290" class="v-label v-label--active theme--light" style="left: 0px; position: absolute;">Source amount</label><input id="input-290" type="number"></div>
          </div>
          <div class="v-text-field__details">
            <div class="v-messages theme--light">
              <transition-group-stub tag="div" name="message-transition" class="v-messages__wrapper"></transition-group-stub>
            </div>
          </div>
        </div>
      </div>
    </div>
  </div>
  <div class="row align-center justify-center mt-4"><button type="button" disabled="disabled" class="mr-12 v-btn v-btn--disabled v-btn--has-bg theme--light v-size--large"><span class="v-btn__content">Convert</span></button><button type="button" class="ml-12 v-btn v-btn--is-elevated v-btn--has-bg theme--light v-size--large primary lighten-2"><span class="v-btn__content">Reset</span></button></div>
  <!---->
</div>
`;
